// Jest Snapshot v1, https://goo.gl/fbAQLP

exports[`GridLayout renders without props 1`] = `
.c0 .react-grid-layout {
  position: relative;
  -webkit-transition: height 200ms ease;
  transition: height 200ms ease;
}

.c0 .react-grid-item {
  -webkit-transition: all 200ms ease;
  transition: all 200ms ease;
  -webkit-transition-property: left,top;
  transition-property: left,top;
}

.c0 .react-grid-item.cssTransforms {
  -webkit-transition-property: -webkit-transform;
  -webkit-transition-property: transform;
  transition-property: transform;
}

.c0 .react-grid-item.resizing {
  z-index: 1;
  will-change: width,height;
}

.c0 .react-grid-item.react-draggable-dragging {
  -webkit-transition: none;
  transition: none;
  will-change: transform;
}

.c0 .react-grid-item.react-grid-placeholder {
  background: mediumpurple;
  opacity: 0.2;
  -webkit-transition-duration: 100ms;
  transition-duration: 100ms;
  z-index: 2;
  -webkit-user-select: none;
  -moz-user-select: none;
  -ms-user-select: none;
  -o-user-select: none;
  -webkit-user-select: none;
  -moz-user-select: none;
  -ms-user-select: none;
  user-select: none;
}

.c0 .react-grid-item > .react-resizable-handle {
  position: absolute;
  width: 20px;
  height: 20px;
  bottom: 0;
  right: 0;
  cursor: se-resize;
}

.c0 .react-grid-item > .react-resizable-handle::after {
  content: "";
  position: absolute;
  right: 3px;
  bottom: 3px;
  width: 5px;
  height: 5px;
  border-right: 2px solid rgba(0,0,0,0.4);
  border-bottom: 2px solid rgba(0,0,0,0.4);
}

<div
  className="c0"
  style={undefined}
/>
`;
